Hey 
Planter
banga
Marijuana
